ExecutionTimeCalculator.h:20:3:ExecutionTimeCalculator::ExecutionTimeCalculator()	16	static
State.cpp:4:1:State::State()	16	static
State.cpp:8:6:void State::update()	32	static
State.cpp:25:6:void State::enter()	24	static
State.cpp:40:6:void State::exit()	24	static
State.cpp:55:6:void State::init()	16	static
State.cpp:59:29:ArrayPointerVector<Action>* State::get_action_vector(ActionType)	16	static
State.cpp:80:6:void State::add_action(ActionType, Action*)	32	static
State.cpp:86:6:bool State::action_exist(Action*)	16	static
State.cpp:90:6:void State::next_update_action()	24	static
ArrayPointerVector.h:9:3:ArrayPointerVector<type>::ArrayPointerVector() [with type = Action]	16	static
ArrayPointerVector.h:18:9:type* ArrayPointerVector<type>::get_element(uint32_t) [with type = Action]	16	static
ArrayPointerVector.h:36:12:uint32_t ArrayPointerVector<type>::get_size() [with type = Action]	16	static
ArrayPointerVector.h:27:8:void ArrayPointerVector<type>::add_element(type*) [with type = Action]	24	static
