ActivationProperty.h:14:8:bool ActivationProperty::is_active()	16	static
ActivationProperty.h:22:8:void ActivationProperty::activate()	16	static
ActivationProperty.h:26:8:void ActivationProperty::deactivate()	16	static
SoftwareTimer.cpp:3:6:void SoftwareTimer::set_period(uint32_t)	24	static
SoftwareTimer.cpp:24:6:void SoftwareTimer::start()	16	static
SoftwareTimer.cpp:29:6:void SoftwareTimer::stop()	16	static
SoftwareTimer.cpp:33:6:void SoftwareTimer::reset()	16	static
SoftwareTimer.cpp:38:6:bool SoftwareTimer::check()	16	static
SoftwareTimer.cpp:55:7:float SoftwareTimer::compute_percentage_done()	16	static
SoftwareTimer.cpp:59:7:float SoftwareTimer::compute_percentage_left()	16	static
SoftwareTimer.cpp:63:10:uint32_t SoftwareTimer::compute_time_done()	32	static
SoftwareTimer.cpp:78:10:uint32_t SoftwareTimer::compute_time_left()	24	static
SoftwareTimer.cpp:82:10:uint32_t SoftwareTimer::get_current_time()	16	static
SoftwareTimer.cpp:86:10:uint32_t SoftwareTimer::get_hardware_timer_autoreload()	16	static
